[www.packdemusicas.com.br/setscompletos.html]
[backblue.gif]
[fade.gif]
[index.html]
[www.packdemusicas.com.br/normalize.css]
[www.packdemusicas.com.br/reset.css]
[www.packdemusicas.com.br/imgsets/favicon.png]
[www.packdemusicas.com.br/imgsets/bgtopo.png]
[www.packdemusicas.com.br/imgsets/imglogin.png]
[www.packdemusicas.com.br/imgsets/Logotipo.png]
[www.packdemusicas.com.br/imgsets/icondj.png]
[www.packdemusicas.com.br/Imagens/Logotipo02.133.delayed]
[www.packdemusicas.com.br/imgsets/Facebook.png]
[www.packdemusicas.com.br/imgsets/Instagram.png]
[www.packdemusicas.com.br/imgsets/Youtube.png]
[www.packdemusicas.com.br/imgsets/imgtopoa.png]
[www.packdemusicas.com.br/imgsets/musica01.png]
[www.packdemusicas.com.br/musica01.png]
[www.packdemusicas.com.br/imgsets/musica02.png]
[www.packdemusicas.com.br/imgsets/musica03.png]
[www.packdemusicas.com.br/imgsets/musica04.png]
[www.packdemusicas.com.br/imgsets/musica05.png]
[www.packdemusicas.com.br/imgsets/musica06.png]
[www.packdemusicas.com.br/imgsets/musica07.png]
[www.packdemusicas.com.br/imgsets/musica08.png]
[www.packdemusicas.com.br/imgsets/musica09.png]
[www.packdemusicas.com.br/spamblock/reset/banimento/script04/script.js]
[www.packdemusicas.com.br/setscompletos.html]
[www.packdemusicas.com.br/normalize.css]
[www.packdemusicas.com.br/reset.css]
[www.packdemusicas.com.br/Imagens/Logotipo02.html]
[www.packdemusicas.com.br/musica01.html]
[www.packdemusicas.com.br/spamblock/reset/banimento/script04/script.js]
